// Jest Snapshot v1, https://goo.gl/fbAQLP

exports[`AdminHome should match a snapshot 1`] = `
<div
  className="container"
>
  <Connect(ErrorBoundary)>
    <div>
      Admin area
    </div>
  </Connect(ErrorBoundary)>
</div>
`;
