// Jest Snapshot v1, https://goo.gl/fbAQLP

exports[`Checkbox should match a snapshot 1`] = `
<FormikConnect(FieldInner)
  name="abc"
  render={[Function]}
/>
`;
