// Jest Snapshot v1, https://goo.gl/fbAQLP

exports[`ViewDirectionButton Should match snapshot 1`] = `
<Button
  className="is-centered"
  onClick={[MockFunction]}
  type="button"
  variant="info"
>
  Directions
</Button>
`;
