// Jest Snapshot v1, https://goo.gl/fbAQLP

exports[`Alert should match a snapshot 1`] = `
<div
  className="alert alert-primary"
  role="alert"
>
  Some random message
</div>
`;
