// Jest Snapshot v1, https://goo.gl/fbAQLP

exports[`Caret should match a snapshot 1`] = `
<span>
  <span
    className="undefined undefined"
  />
</span>
`;
