// Jest Snapshot v1, https://goo.gl/fbAQLP

exports[`ETAButton Should match snapshot 1`] = `
<a
  className="undefined button is-fullwidth is-centered is-primary"
  data-test="eta-button"
  href="sms:99999999"
>
  ETA Text
</a>
`;
