// Jest Snapshot v1, https://goo.gl/fbAQLP

exports[`FileInput should match a snapshot 1`] = `
<FormikConnect(FieldInner)
  name="test"
  render={[Function]}
/>
`;
