// Jest Snapshot v1, https://goo.gl/fbAQLP

exports[`ToastMessage should match a snapshot 1`] = `
<div
  className="toast visible"
  data-test="toast-wrapper"
  onClick={[MockFunction]}
>
  <Component
    fullWidth={true}
    type="reset"
    variant="primary"
  >
    Toast message
  </Component>
</div>
`;
