// Jest Snapshot v1, https://goo.gl/fbAQLP

exports[`TextAreaEditor should match a snapshot 1`] = `
<FormikConnect(FieldInner)
  name="username"
  render={[Function]}
/>
`;
