// Jest Snapshot v1, https://goo.gl/fbAQLP

exports[`AppDetailModel should match a snapshot 1`] = `
<Modal
  afterClose={[Function]}
  visible={true}
>
  <Connect(AsyncContainer)>
    <Connect(Component)
      afterClose={[MockFunction]}
    />
  </Connect(AsyncContainer)>
</Modal>
`;
