// Jest Snapshot v1, https://goo.gl/fbAQLP

exports[`Marker Component Should match snapshot 1`] = `
<div
  onClick={[MockFunction]}
>
  <p>
    1
  </p>
  <p>
    1
  </p>
</div>
`;
