// Jest Snapshot v1, https://goo.gl/fbAQLP

exports[`ViewDirectionButton Should match snapshot 1`] = `
<Button
  onClick={[MockFunction]}
  type="button"
  variant="primary"
>
  View Direction
</Button>
`;
