// Jest Snapshot v1, https://goo.gl/fbAQLP

exports[`CallToAction should match a snapshot 1`] = `
<div
  className=""
  data-test=""
>
  <Component
    className="mb-0"
    message="My title"
    type="success"
  />
  <Component
    flexColumn={true}
    hasBackground={true}
    hasPadding={true}
  >
    <p />
    <Component>
      <Component
        dataTest=""
        type="button"
        variant="primary"
      >
        My button
      </Component>
    </Component>
  </Component>
</div>
`;
