// Jest Snapshot v1, https://goo.gl/fbAQLP

exports[` 1`] = `
<div>
  <Formik
    initialValues={
      Object {
        "dateOfBirth": null,
        "email": "schadwick512@rpsfiction.net",
        "forename": "Saoirse",
        "home": "01632 961556",
        "mobile": "07700 901556",
        "surname": "Chadwick",
        "title": "Ms",
        "work": "020 7946 1556",
      }
    }
    onSubmit={[MockFunction]}
  >
    <Component />
  </Formik>
</div>
`;

exports[`profile renderForm should match snapshot 1`] = `
<div>
  <Component />
</div>
`;

exports[`profile renderForm should match snapshot 2`] = `
<div>
  <Component />
</div>
`;
