// Jest Snapshot v1, https://goo.gl/fbAQLP

exports[`Search widget should match snapshot 1`] = `
<ThemeProvider
  theme={
    Object {
      "base": Object {
        "font": Object {
          "family": "'Open Sans', sans-serif",
          "sizes": Object {
            "base": "1.5rem",
            "headings": Object {
              "h1": "3rem",
              "h2": "2.2rem",
              "h3": "2.0rem",
              "h4": "1.8rem",
              "h5": "1.6rem",
            },
          },
        },
      },
      "button": Object {
        "background": "#887d97",
        "color": "#ffffff",
      },
      "colors": Object {
        "background": "#ffffff",
        "base": "#12263f",
        "icon": "gray",
        "loading": "#95aac9",
        "primary": "#887d97 ",
        "searchResult": "#7ca091",
        "secondary": "#828085",
        "warning": "#d3033d",
        "widgetHeading": "#ffffff",
      },
      "searchWidget": Object {
        "backgroundColor": "rgba(124, 160, 145, 0.7)",
      },
    }
  }
>
  <styled.div>
    <ContextProvider
      value={
        Object {
          "err": null,
          "getCountResult": [Function],
          "getErrorString": [Function],
          "getResultArr": [Function],
          "isLoading": false,
          "propertyImages": Object {},
          "result": undefined,
          "searchKeyWord": "",
          "searchType": undefined,
          "selectedProperty": undefined,
          "setFetchError": [Function],
          "setFetchResult": [Function],
          "setPropertyImages": [Function],
          "setSearchKeyWord": [Function],
          "setSelectedProperty": [Function],
          "setStartFetching": [Function],
          "theme": Object {
            "base": Object {
              "font": Object {
                "family": "'Open Sans', sans-serif",
                "sizes": Object {
                  "base": "1.5rem",
                  "headings": Object {
                    "h1": "3rem",
                    "h2": "2.2rem",
                    "h3": "2.0rem",
                    "h4": "1.8rem",
                    "h5": "1.6rem",
                  },
                },
              },
            },
            "button": Object {
              "background": "#887d97",
              "color": "#ffffff",
            },
            "colors": Object {
              "background": "#ffffff",
              "base": "#12263f",
              "icon": "gray",
              "loading": "#95aac9",
              "primary": "#887d97 ",
              "searchResult": "#7ca091",
              "secondary": "#828085",
              "warning": "#d3033d",
              "widgetHeading": "#ffffff",
            },
            "searchWidget": Object {
              "backgroundColor": "rgba(124, 160, 145, 0.7)",
            },
          },
        }
      }
    >
      <styled.div>
        <styled.div>
          Find your perfect home
        </styled.div>
        <styled.div>
          Search for a property from Agent and Sons
        </styled.div>
        <styled.div>
          <styled.input
            name="search"
            onChange={[Function]}
            placeholder="e.g Town or Postcode"
          />
          <styled.button
            disabled={false}
            onClick={[Function]}
          >
            FOR SALE
          </styled.button>
          <styled.button
            disabled={false}
            onClick={[Function]}
          >
            TO RENT
          </styled.button>
        </styled.div>
      </styled.div>
    </ContextProvider>
  </styled.div>
</ThemeProvider>
`;
